
> @ccmp/api@1.0.0 test C:\z\wp\projects\contact_support\ccmp\apps\api
> vitest run "run" "src/__tests__/qa.service.test.ts"

node.exe : [33mThe CJS build of Vite's Node API is 
deprecated. See https://vite.dev/guide/troubleshooting.h
tml#vite-cjs-node-api-deprecated for more details.[39m
At C:\nvm4w\nodejs\pnpm.ps1:16 char:5
+     & "$basedir/node$exe"  
"$basedir/node_modules/pnpm/bin/pnpm.cjs"  ...
+     ~~~~~~~~~~~~~~~~~~~~~~~~~~~~~~~~~~~~~~~~~~~~~~~~~~
~~~~~~~~~~~~~~~
    + CategoryInfo          : NotSpecified: ([33mThe C 
   JS bu...e details.[39m:String) [], RemoteException
    + FullyQualifiedErrorId : NativeCommandError
 

[7m[1m[36m RUN [39m[22m[27m [36mv1.6.1[39m [90mC:/z/wp/projects/contact_support/ccmp/apps/api[39m

 [33mΓ¥»[39m src/__tests__/qa.service.test.ts [2m ([22m[2m14 tests[22m [2m|[22m [31m2 failed[39m[2m)[22m[90m 30[2mms[22m[39m
[31m   [33mΓ¥»[31m src/__tests__/qa.service.test.ts[2m > [22mQaService[2m > [22mcreateQaReview[2m > [22mshould notify compliance officer when flags are present[39m
[31m     ΓåÆ Case clxyz123456789012345678 is currently being reviewed by another analyst[39m
[31m   [33mΓ¥»[31m src/__tests__/qa.service.test.ts[2m > [22mQaService[2m > [22mcreateQaReview[2m > [22mshould NOT notify compliance officer when no flags[39m
[31m     ΓåÆ Case clxyz123456789012345678 is currently being reviewed by another analyst[39m

[31mΓÄ»ΓÄ»ΓÄ»ΓÄ»ΓÄ»ΓÄ»ΓÄ»[1m[7m Failed Tests 2 
[27m[22mΓÄ»ΓÄ»ΓÄ»ΓÄ»ΓÄ»ΓÄ»ΓÄ»[39m

[31m[1m[7m FAIL [27m[22m[39m 
src/__tests__/qa.service.test.ts[2m > 
[22mQaService[2m > [22mcreateQaReview[2m > 
[22mshould notify compliance officer when flags are 
present
[31m[1mConflictError[22m: Case 
clxyz123456789012345678 is currently being reviewed by 
another analyst[39m
[36m [2mΓ¥»[22m QaService.createQaReview 
src/modules/qa/qa.service.ts:[2m128:13[22m[39m
    [90m126| [39m    [35mconst[39m existingLock 
[33m=[39m [35mawait[39m 
redis[33m.[39m[35mget[39m(lockKey)[33m;[39m
    [90m127| [39m    [35mif[39m (existingLock 
[33m&&[39m existingLock [33m!==[39m reviewerId) {
    [90m128| [39m      [35mthrow[39m [35mnew[39m 
[33mConflictError[39m(
    [90m   | [39m            [31m^[39m
    [90m129| [39m        [32m`Case 
[39m[36m${[39mcaseId[36m}[39m[32m is currently 
being reviewed by another analyst[39mΓÇª
    [90m130| [39m      )[33m;[39m
[90m [2mΓ¥»[22m 
src/__tests__/qa.service.test.ts:[2m224:7[22m[39m

[31m[2mΓÄ»ΓÄ»ΓÄ»ΓÄ»ΓÄ»ΓÄ»ΓÄ»ΓÄ»ΓÄ»ΓÄ»ΓÄ»ΓÄ»ΓÄ»ΓÄ»ΓÄ»ΓÄ
»ΓÄ»ΓÄ»ΓÄ»ΓÄ»ΓÄ»ΓÄ»ΓÄ»ΓÄ»ΓÄ»ΓÄ»ΓÄ»ΓÄ»ΓÄ»ΓÄ»[22m[39m
[31m[1mSerialized Error:[22m[39m [90m{ statusCode: 
409, isOperational: true }[39m
[31m[2mΓÄ»ΓÄ»ΓÄ»ΓÄ»ΓÄ»ΓÄ»ΓÄ»ΓÄ»ΓÄ»ΓÄ»ΓÄ»ΓÄ»ΓÄ»ΓÄ»ΓÄ»ΓÄ
»ΓÄ»ΓÄ»ΓÄ»ΓÄ»ΓÄ»ΓÄ»ΓÄ»ΓÄ»[1/2]ΓÄ»[22m[39m

[31m[1m[7m FAIL [27m[22m[39m 
src/__tests__/qa.service.test.ts[2m > 
[22mQaService[2m > [22mcreateQaReview[2m > 
[22mshould NOT notify compliance officer when no flags
[31m[1mConflictError[22m: Case 
clxyz123456789012345678 is currently being reviewed by 
another analyst[39m
[36m [2mΓ¥»[22m QaService.createQaReview 
src/modules/qa/qa.service.ts:[2m128:13[22m[39m
    [90m126| [39m    [35mconst[39m existingLock 
[33m=[39m [35mawait[39m 
redis[33m.[39m[35mget[39m(lockKey)[33m;[39m
    [90m127| [39m    [35mif[39m (existingLock 
[33m&&[39m existingLock [33m!==[39m reviewerId) {
    [90m128| [39m      [35mthrow[39m [35mnew[39m 
[33mConflictError[39m(
    [90m   | [39m            [31m^[39m
    [90m129| [39m        [32m`Case 
[39m[36m${[39mcaseId[36m}[39m[32m is currently 
being reviewed by another analyst[39mΓÇª
    [90m130| [39m      )[33m;[39m
[90m [2mΓ¥»[22m 
src/__tests__/qa.service.test.ts:[2m245:7[22m[39m

[31m[2mΓÄ»ΓÄ»ΓÄ»ΓÄ»ΓÄ»ΓÄ»ΓÄ»ΓÄ»ΓÄ»ΓÄ»ΓÄ»ΓÄ»ΓÄ»ΓÄ»ΓÄ»ΓÄ
»ΓÄ»ΓÄ»ΓÄ»ΓÄ»ΓÄ»ΓÄ»ΓÄ»ΓÄ»ΓÄ»ΓÄ»ΓÄ»ΓÄ»ΓÄ»ΓÄ»[22m[39m
[31m[1mSerialized Error:[22m[39m [90m{ statusCode: 
409, isOperational: true }[39m
[31m[2mΓÄ»ΓÄ»ΓÄ»ΓÄ»ΓÄ»ΓÄ»ΓÄ»ΓÄ»ΓÄ»ΓÄ»ΓÄ»ΓÄ»ΓÄ»ΓÄ»ΓÄ»ΓÄ
»ΓÄ»ΓÄ»ΓÄ»ΓÄ»ΓÄ»ΓÄ»ΓÄ»ΓÄ»[2/2]ΓÄ»[22m[39m

[2m Test Files [22m [1m[31m1 failed[39m[22m[90m (1)[39m
[2m      Tests [22m [1m[31m2 failed[39m[22m[2m | [22m[1m[32m12 passed[39m[22m[90m (14)[39m
[2m   Start at [22m 16:48:55
[2m   Duration [22m 890ms[2m (transform 159ms, setup 0ms, collect 240ms, tests 30ms, environment 0ms, prepare 211ms)[22m

C:\z\wp\projects\contact_support\ccmp\apps\api:
ΓÇëERR_PNPM_RECURSIVE_RUN_FIRST_FAILΓÇë @ccmp/api@1.0.0 test: `vitest run "run" "src/__tests__/qa.service.test.ts"`
Exit status 1
